
> client@0.0.0 build
> vite build

[36mvite v8.0.0 [32mbuilding client environment for production...[36m[39m
[2K
transforming...Γ£ô 2193 modules transformed.
rendering chunks...
computing gzip size...
dist/index.html                   0.45 kB Γöé gzip:   0.29 kB
dist/assets/index-Dmca7bdU.css    2.92 kB Γöé gzip:   1.16 kB
dist/assets/index-C4wARgil.js   592.35 kB Γöé gzip: 178.42 kB

node.exe : [33m[33m[INEFFECTIVE_DYNAMIC_IMPORT] Warning:[0m src/engine/AIBot.j
s is dynamically imported by src/context/SocketContext.jsx but also statically im
ported by src/engine/DayPhase.js, src/engine/NightPhase.js, dynamic import will n
ot move module into another chunk.
At line:1 char:1
+ & "C:\Program Files\nodejs/node.exe" "C:\Program Files\nodejs/node_mo ...
+ ~~~~~~~~~~~~~~~~~~~~~~~~~~~~~~~~~~~~~~~~~~~~~~~~~~~~~~~~~~~~~~~~~~~~~
    + CategoryInfo          : NotSpecified: ([33m[33m[INEF... another chunk.:S 
   tring) [], RemoteException
    + FullyQualifiedErrorId : NativeCommandError
 
[39m
[33m[plugin builtin:vite-reporter] 
(!) Some chunks are larger than 500 kB after minification. Consider:
- Using dynamic import() to code-split the application
- Use build.rolldownOptions.output.codeSplitting to improve chunking: https://rol
ldown.rs/reference/OutputOptions.codeSplitting
- Adjust chunk size limit for this warning via build.chunkSizeWarningLimit.[39m
[32mΓ£ô built in 951ms[39m
